// Jest Snapshot v1, https://goo.gl/fbAQLP

exports[`Mount Rendering serializes \`react-jss\` component 1`] = `ReactWrapper {}`;
