// Jest Snapshot v1, https://goo.gl/fbAQLP

exports[`Shallow Rendering serializes \`react-jss\` component 1`] = `ShallowWrapper {}`;
